11-15 11:12:02.402  4975  4994 I TestRunner: started: navigate_to_start_order_from_checkout(com.example.lunchtray.NavigationTests)
11-15 11:12:02.527  4975  4994 W Settings: Setting always_finish_activities has moved from android.provider.Settings.System to android.provider.Settings.Global, returning read-only value.
11-15 11:12:02.553  4975  4994 D CompatibilityChangeReporter: Compat change id reported: 160794467; UID 10157; state: ENABLED
11-15 11:12:02.664  4975  4975 D LifecycleMonitor: Lifecycle status change: androidx.test.core.app.InstrumentationActivityInvoker$BootstrapActivity@f67696 in: PRE_ON_CREATE
11-15 11:12:02.667  4975  4975 V ActivityScenario: Activity lifecycle changed event received but ignored because the intent does not match. startActivityIntent=Intent { act=android.intent.action.MAIN cat=[android.intent.category.LAUNCHER] cmp=com.example.lunchtray/androidx.fragment.app.testing.FragmentScenario$EmptyFragmentActivity (has extras) }, activity.getIntent()=Intent { act=android.intent.action.MAIN cat=[android.intent.category.LAUNCHER] flg=0x10008000 cmp=com.example.lunchtray/androidx.test.core.app.InstrumentationActivityInvoker$BootstrapActivity (has extras) }, activity=androidx.test.core.app.InstrumentationActivityInvoker$BootstrapActivity@f67696
11-15 11:12:02.687  1690  1780 D EGL_emulation: app_time_stats: avg=7324.85ms min=13.21ms max=58395.32ms count=8
11-15 11:12:02.691   735   835 D SplashScreenView: Build android.window.SplashScreenView{6a1544a V.E...... ......ID 0,0-0,0}
11-15 11:12:02.691   735   835 D SplashScreenView: Icon: view: null drawable: null size: 0
11-15 11:12:02.691   735   835 D SplashScreenView: Branding: view: android.view.View{59b9fbb G.ED..... ......I. 0,0-0,0 #10204a6 android:id/splashscreen_branding_view} drawable: null size w: 0 h: 0
11-15 11:12:02.706   335   406 D goldfish-address-space: claimShared: Ask to claim region [0x3f49e4000 0x3f53c8000]
11-15 11:12:02.717  4975  4975 D LifecycleMonitor: Lifecycle status change: androidx.test.core.app.InstrumentationActivityInvoker$BootstrapActivity@f67696 in: CREATED
11-15 11:12:02.722  4975  4975 V ActivityScenario: Activity lifecycle changed event received but ignored because the intent does not match. startActivityIntent=Intent { act=android.intent.action.MAIN cat=[android.intent.category.LAUNCHER] cmp=com.example.lunchtray/androidx.fragment.app.testing.FragmentScenario$EmptyFragmentActivity (has extras) }, activity.getIntent()=Intent { act=android.intent.action.MAIN cat=[android.intent.category.LAUNCHER] flg=0x10008000 cmp=com.example.lunchtray/androidx.test.core.app.InstrumentationActivityInvoker$BootstrapActivity (has extras) }, activity=androidx.test.core.app.InstrumentationActivityInvoker$BootstrapActivity@f67696
11-15 11:12:02.725  4975  4975 D LifecycleMonitor: Lifecycle status change: androidx.test.core.app.InstrumentationActivityInvoker$BootstrapActivity@f67696 in: STARTED
11-15 11:12:02.725  4975  4975 V ActivityScenario: Activity lifecycle changed event received but ignored because the intent does not match. startActivityIntent=Intent { act=android.intent.action.MAIN cat=[android.intent.category.LAUNCHER] cmp=com.example.lunchtray/androidx.fragment.app.testing.FragmentScenario$EmptyFragmentActivity (has extras) }, activity.getIntent()=Intent { act=android.intent.action.MAIN cat=[android.intent.category.LAUNCHER] flg=0x10008000 cmp=com.example.lunchtray/androidx.test.core.app.InstrumentationActivityInvoker$BootstrapActivity (has extras) }, activity=androidx.test.core.app.InstrumentationActivityInvoker$BootstrapActivity@f67696
11-15 11:12:02.732   335   406 D goldfish-address-space: claimShared: Ask to claim region [0x3fadfb000 0x3fb7df000]
11-15 11:12:02.768  4975  5000 D libEGL  : loaded /vendor/lib64/egl/libEGL_emulation.so
11-15 11:12:02.770   335   406 D goldfish-address-space: claimShared: Ask to claim region [0x3fa41d000 0x3faa71000]
11-15 11:12:02.772  4975  5000 D libEGL  : loaded /vendor/lib64/egl/libGLESv1_CM_emulation.so
11-15 11:12:02.775  4975  5000 D libEGL  : loaded /vendor/lib64/egl/libGLESv2_emulation.so
11-15 11:12:02.799   335   406 D goldfish-address-space: claimShared: Ask to claim region [0x3f8000000 0x3f89e4000]
11-15 11:12:02.868  4975  4975 D LifecycleMonitor: Lifecycle status change: androidx.test.core.app.InstrumentationActivityInvoker$BootstrapActivity@f67696 in: RESUMED
11-15 11:12:02.868  4975  4975 V ActivityScenario: Activity lifecycle changed event received but ignored because the intent does not match. startActivityIntent=Intent { act=android.intent.action.MAIN cat=[android.intent.category.LAUNCHER] cmp=com.example.lunchtray/androidx.fragment.app.testing.FragmentScenario$EmptyFragmentActivity (has extras) }, activity.getIntent()=Intent { act=android.intent.action.MAIN cat=[android.intent.category.LAUNCHER] flg=0x10008000 cmp=com.example.lunchtray/androidx.test.core.app.InstrumentationActivityInvoker$BootstrapActivity (has extras) }, activity=androidx.test.core.app.InstrumentationActivityInvoker$BootstrapActivity@f67696
11-15 11:12:02.871  4975  4975 D LifecycleMonitor: Lifecycle status change: androidx.test.core.app.InstrumentationActivityInvoker$BootstrapActivity@f67696 in: PAUSED
11-15 11:12:02.871  4975  4975 V ActivityScenario: Activity lifecycle changed event received but ignored because the intent does not match. startActivityIntent=Intent { act=android.intent.action.MAIN cat=[android.intent.category.LAUNCHER] cmp=com.example.lunchtray/androidx.fragment.app.testing.FragmentScenario$EmptyFragmentActivity (has extras) }, activity.getIntent()=Intent { act=android.intent.action.MAIN cat=[android.intent.category.LAUNCHER] flg=0x10008000 cmp=com.example.lunchtray/androidx.test.core.app.InstrumentationActivityInvoker$BootstrapActivity (has extras) }, activity=androidx.test.core.app.InstrumentationActivityInvoker$BootstrapActivity@f67696
11-15 11:12:02.924  4975  4975 D LifecycleMonitor: Lifecycle status change: androidx.fragment.app.testing.FragmentScenario$EmptyFragmentActivity@7bc9b88 in: PRE_ON_CREATE
11-15 11:12:02.925  4975  4975 V ActivityScenario: Activity lifecycle changed event received but ignored because the reported transition was not ON_CREATE while the last known transition was PRE_ON_CREATE
11-15 11:12:03.007  4975  4975 D LifecycleMonitor: Lifecycle status change: androidx.fragment.app.testing.FragmentScenario$EmptyFragmentActivity@7bc9b88 in: CREATED
11-15 11:12:03.008  4975  4975 V ActivityScenario: Update currentActivityStage to CREATED, currentActivity=androidx.fragment.app.testing.FragmentScenario$EmptyFragmentActivity@7bc9b88
11-15 11:12:03.011  4975  4975 D LifecycleMonitor: Lifecycle status change: androidx.fragment.app.testing.FragmentScenario$EmptyFragmentActivity@7bc9b88 in: STARTED
11-15 11:12:03.012  4975  4975 V ActivityScenario: Update currentActivityStage to STARTED, currentActivity=androidx.fragment.app.testing.FragmentScenario$EmptyFragmentActivity@7bc9b88
11-15 11:12:03.014  4975  4975 D LifecycleMonitor: Lifecycle status change: androidx.fragment.app.testing.FragmentScenario$EmptyFragmentActivity@7bc9b88 in: RESUMED
11-15 11:12:03.016  4975  4975 V ActivityScenario: Update currentActivityStage to RESUMED, currentActivity=androidx.fragment.app.testing.FragmentScenario$EmptyFragmentActivity@7bc9b88
11-15 11:12:03.044  4975  4999 D HostConnection: createUnique: call
11-15 11:12:03.046  4975  4999 D HostConnection: HostConnection::get() New Host Connection established 0x784fd3ed8690, tid 4999
11-15 11:12:03.057  4975  4999 D HostConnection: HostComposition ext ANDROID_EMU_CHECKSUM_HELPER_v1 ANDROID_EMU_native_sync_v2 ANDROID_EMU_native_sync_v3 ANDROID_EMU_native_sync_v4 ANDROID_EMU_dma_v1 ANDROID_EMU_direct_mem ANDROID_EMU_host_composition_v1 ANDROID_EMU_host_composition_v2 ANDROID_EMU_vulkan ANDROID_EMU_deferred_vulkan_commands ANDROID_EMU_vulkan_null_optional_strings ANDROID_EMU_vulkan_create_resources_with_requirements ANDROID_EMU_YUV_Cache ANDROID_EMU_vulkan_ignored_handles ANDROID_EMU_has_shared_slots_host_memory_allocator ANDROID_EMU_vulkan_free_memory_sync ANDROID_EMU_vulkan_shader_float16_int8 ANDROID_EMU_vulkan_async_queue_submit ANDROID_EMU_vulkan_queue_submit_with_commands ANDROID_EMU_sync_buffer_data ANDROID_EMU_vulkan_async_qsri ANDROID_EMU_read_color_buffer_dma GL_OES_EGL_image_external_essl3 GL_OES_vertex_array_object ANDROID_EMU_host_side_tracing ANDROID_EMU_gles_max_version_3_1
11-15 11:12:03.060   179   179 I hwservicemanager: getTransport: Cannot find entry android.hardware.configstore@1.0::ISurfaceFlingerConfigs/default in either framework or device VINTF manifest.
11-15 11:12:03.061  4975  4999 W OpenGLRenderer: Failed to choose config with EGL_SWAP_BEHAVIOR_PRESERVED, retrying without...
11-15 11:12:03.062  4975  4999 W OpenGLRenderer: Failed to initialize 101010-2 format, error = EGL_SUCCESS
11-15 11:12:03.074  4975  4999 D EGL_emulation: eglCreateContext: 0x784fd3ed7790: maj 3 min 1 rcv 4
11-15 11:12:03.101  4975  4999 D EGL_emulation: eglMakeCurrent: 0x784fd3ed7790: ver 3 1 (tinfo 0x7851e5be5080) (first time)
11-15 11:12:03.117   361   437 E HWComposer: getSupportedContentTypes: getSupportedContentTypes failed for display 4619827259835644672: Unsupported (8)
11-15 11:12:03.118   179   179 I hwservicemanager: getTransport: Cannot find entry android.hardware.graphics.mapper@4.0::IMapper/default in either framework or device VINTF manifest.
11-15 11:12:03.118  4975  4999 I Gralloc4: mapper 4.x is not supported
11-15 11:12:03.119  4975  4999 D HostConnection: createUnique: call
11-15 11:12:03.120  4975  4999 D HostConnection: HostConnection::get() New Host Connection established 0x784fd3edebd0, tid 4999
11-15 11:12:03.121  4975  4999 D goldfish-address-space: allocate: Ask for block of size 0x100
11-15 11:12:03.121  4975  4999 D goldfish-address-space: allocate: ioctl allocate returned offset 0x3f3ffe000 size 0x2000
11-15 11:12:03.181   179   179 I hwservicemanager: getTransport: Cannot find entry android.hardware.graphics.allocator@4.0::IAllocator/default in either framework or device VINTF manifest.
11-15 11:12:03.185  4975  4999 W Gralloc4: allocator 4.x is not supported
11-15 11:12:03.189   335   406 D goldfish-address-space: claimShared: Ask to claim region [0x3f89e4000 0x3f93c8000]
11-15 11:12:03.233  4975  4999 D HostConnection: HostComposition ext ANDROID_EMU_CHECKSUM_HELPER_v1 ANDROID_EMU_native_sync_v2 ANDROID_EMU_native_sync_v3 ANDROID_EMU_native_sync_v4 ANDROID_EMU_dma_v1 ANDROID_EMU_direct_mem ANDROID_EMU_host_composition_v1 ANDROID_EMU_host_composition_v2 ANDROID_EMU_vulkan ANDROID_EMU_deferred_vulkan_commands ANDROID_EMU_vulkan_null_optional_strings ANDROID_EMU_vulkan_create_resources_with_requirements ANDROID_EMU_YUV_Cache ANDROID_EMU_vulkan_ignored_handles ANDROID_EMU_has_shared_slots_host_memory_allocator ANDROID_EMU_vulkan_free_memory_sync ANDROID_EMU_vulkan_shader_float16_int8 ANDROID_EMU_vulkan_async_queue_submit ANDROID_EMU_vulkan_queue_submit_with_commands ANDROID_EMU_sync_buffer_data ANDROID_EMU_vulkan_async_qsri ANDROID_EMU_read_color_buffer_dma GL_OES_EGL_image_external_essl3 GL_OES_vertex_array_object ANDROID_EMU_host_side_tracing ANDROID_EMU_gles_max_version_3_1
11-15 11:12:03.237   335   406 D goldfish-address-space: claimShared: Ask to claim region [0x3f93c8000 0x3f9dac000]
11-15 11:12:03.260   335   406 D goldfish-address-space: claimShared: Ask to claim region [0x3fddac000 0x3fe790000]
11-15 11:12:03.388   561   584 I ActivityTaskManager: Displayed com.example.lunchtray/androidx.fragment.app.testing.FragmentScenario$EmptyFragmentActivity: +789ms
11-15 11:12:03.492  4975  4975 D CompatibilityChangeReporter: Compat change id reported: 171228096; UID 10157; state: ENABLED
11-15 11:12:03.645   561  3238 W InputManager-JNI: Input channel object 'bfb44ab Splash Screen com.example.lunchtray (client)' was disposed without first being removed with the input manager!
11-15 11:12:03.676  4975  4975 D LifecycleMonitor: Lifecycle status change: androidx.test.core.app.InstrumentationActivityInvoker$BootstrapActivity@f67696 in: STOPPED
11-15 11:12:03.678  4975  4975 V ActivityScenario: Activity lifecycle changed event received but ignored because the intent does not match. startActivityIntent=Intent { act=android.intent.action.MAIN cat=[android.intent.category.LAUNCHER] cmp=com.example.lunchtray/androidx.fragment.app.testing.FragmentScenario$EmptyFragmentActivity (has extras) }, activity.getIntent()=Intent { act=android.intent.action.MAIN cat=[android.intent.category.LAUNCHER] flg=0x10008000 cmp=com.example.lunchtray/androidx.test.core.app.InstrumentationActivityInvoker$BootstrapActivity (has extras) }, activity=androidx.test.core.app.InstrumentationActivityInvoker$BootstrapActivity@f67696
11-15 11:12:03.726  1060  1663 I FontLog : Received query Noto Color Emoji Compat, URI content://com.google.android.gms.fonts [CONTEXT service_id=132 ]
11-15 11:12:03.728  1060  1663 I FontLog : Query [emojicompat-emoji-font] resolved to {Noto Color Emoji Compat, wdth 100.0, wght 400, ital 0.0, bestEffort false} [CONTEXT service_id=132 ]
11-15 11:12:03.736  1060  1663 I FontLog : Fetch {Noto Color Emoji Compat, wdth 100.0, wght 400, ital 0.0, bestEffort false} end status Status{statusCode=SUCCESS, resolution=null} [CONTEXT service_id=132 ]
11-15 11:12:03.787  1060  1663 I FontLog : Pulling font file for id = 14, cache size = 5 [CONTEXT service_id=132 ]
11-15 11:12:03.805  1060  1663 I FontLog : Pulling font file for id = 14, cache size = 5 [CONTEXT service_id=132 ]
11-15 11:12:03.808  1143  1143 I GoogleInputMethodService: GoogleInputMethodService.onFinishInput():3420
11-15 11:12:03.810  1143  1143 I GoogleInputMethodService: GoogleInputMethodService.onStartInput():2002
11-15 11:12:03.810  1143  1143 I DeviceUnlockedTag: DeviceUnlockedTag.notifyDeviceLockStatusChanged():31 Notify device unlocked.
11-15 11:12:04.099  4975  4994 D EventInjectionStrategy: Creating injection strategy with input manager.
11-15 11:12:04.100  4975  4994 W ample.lunchtra: Accessing hidden method Landroid/hardware/input/InputManager;->getInstance()Landroid/hardware/input/InputManager; (unsupported, reflection, allowed)
11-15 11:12:04.101  4975  4994 W ample.lunchtra: Accessing hidden method Landroid/hardware/input/InputManager;->injectInputEvent(Landroid/view/InputEvent;I)Z (unsupported, reflection, allowed)
11-15 11:12:04.102  4975  4994 W ample.lunchtra: Accessing hidden field Landroid/hardware/input/InputManager;->INJECT_INPUT_EVENT_MODE_WAIT_FOR_FINISH:I (unsupported, reflection, allowed)
11-15 11:12:04.131  4975  4994 W ample.lunchtra: Accessing hidden method Landroid/view/ViewConfiguration;->getDoubleTapMinTime()I (unsupported, reflection, allowed)
11-15 11:12:04.145  4975  4975 W ample.lunchtra: Accessing hidden method Landroid/os/MessageQueue;->next()Landroid/os/Message; (unsupported, reflection, allowed)
11-15 11:12:04.146  4975  4975 W ample.lunchtra: Accessing hidden field Landroid/os/MessageQueue;->mMessages:Landroid/os/Message; (unsupported, reflection, allowed)
11-15 11:12:04.147  4975  4975 W ample.lunchtra: Accessing hidden method Landroid/os/Message;->recycleUnchecked()V (unsupported, reflection, allowed)
11-15 11:12:04.154  4975  4975 W ample.lunchtra: Accessing hidden method Landroid/view/WindowManagerGlobal;->getInstance()Landroid/view/WindowManagerGlobal; (unsupported, reflection, allowed)
11-15 11:12:04.154  4975  4975 W ample.lunchtra: Accessing hidden field Landroid/view/WindowManagerGlobal;->mViews:Ljava/util/ArrayList; (unsupported, reflection, allowed)
11-15 11:12:04.155  4975  4975 W ample.lunchtra: Accessing hidden field Landroid/view/WindowManagerGlobal;->mParams:Ljava/util/ArrayList; (unsupported, reflection, allowed)
11-15 11:12:04.168  4975  4975 I ViewInteraction: Performing 'single click' action on view view.getId() is <2131230842/com.example.lunchtray:id/cancel_button>
11-15 11:12:04.447  4975  4994 E TestRunner: failed: navigate_to_start_order_from_checkout(com.example.lunchtray.NavigationTests)
11-15 11:12:04.447  4975  4994 E TestRunner: ----- begin exception -----
11-15 11:12:04.450  4975  4994 E TestRunner: java.lang.AssertionError: expected:<2131230857> but was:<2131231205>
11-15 11:12:04.450  4975  4994 E TestRunner: 	at org.junit.Assert.fail(Assert.java:88)
11-15 11:12:04.450  4975  4994 E TestRunner: 	at org.junit.Assert.failNotEquals(Assert.java:834)
11-15 11:12:04.450  4975  4994 E TestRunner: 	at org.junit.Assert.assertEquals(Assert.java:118)
11-15 11:12:04.450  4975  4994 E TestRunner: 	at org.junit.Assert.assertEquals(Assert.java:144)
11-15 11:12:04.450  4975  4994 E TestRunner: 	at com.example.lunchtray.NavigationTests.navigate_to_start_order_from_checkout(NavigationTests.kt:200)
11-15 11:12:04.450  4975  4994 E TestRunner: 	at java.lang.reflect.Method.invoke(Native Method)
11-15 11:12:04.450  4975  4994 E TestRunner: 	at org.junit.runners.model.FrameworkMethod$1.runReflectiveCall(FrameworkMethod.java:50)
11-15 11:12:04.450  4975  4994 E TestRunner: 	at org.junit.internal.runners.model.ReflectiveCallable.run(ReflectiveCallable.java:12)
11-15 11:12:04.450  4975  4994 E TestRunner: 	at org.junit.runners.model.FrameworkMethod.invokeExplosively(FrameworkMethod.java:47)
11-15 11:12:04.450  4975  4994 E TestRunner: 	at org.junit.internal.runners.statements.InvokeMethod.evaluate(InvokeMethod.java:17)
11-15 11:12:04.450  4975  4994 E TestRunner: 	at org.junit.runners.ParentRunner.runLeaf(ParentRunner.java:325)
11-15 11:12:04.450  4975  4994 E TestRunner: 	at org.junit.runners.BlockJUnit4ClassRunner.runChild(BlockJUnit4ClassRunner.java:78)
11-15 11:12:04.450  4975  4994 E TestRunner: 	at org.junit.runners.BlockJUnit4ClassRunner.runChild(BlockJUnit4ClassRunner.java:57)
11-15 11:12:04.450  4975  4994 E TestRunner: 	at org.junit.runners.ParentRunner$3.run(ParentRunner.java:290)
11-15 11:12:04.450  4975  4994 E TestRunner: 	at org.junit.runners.ParentRunner$1.schedule(ParentRunner.java:71)
11-15 11:12:04.450  4975  4994 E TestRunner: 	at org.junit.runners.ParentRunner.runChildren(ParentRunner.java:288)
11-15 11:12:04.450  4975  4994 E TestRunner: 	at org.junit.runners.ParentRunner.access$000(ParentRunner.java:58)
11-15 11:12:04.450  4975  4994 E TestRunner: 	at org.junit.runners.ParentRunner$2.evaluate(ParentRunner.java:268)
11-15 11:12:04.450  4975  4994 E TestRunner: 	at org.junit.runners.ParentRunner.run(ParentRunner.java:363)
11-15 11:12:04.450  4975  4994 E TestRunner: 	at androidx.test.ext.junit.runners.AndroidJUnit4.run(AndroidJUnit4.java:162)
11-15 11:12:04.450  4975  4994 E TestRunner: 	at org.junit.runners.Suite.runChild(Suite.java:128)
11-15 11:12:04.450  4975  4994 E TestRunner: 	at org.junit.runners.Suite.runChild(Suite.java:27)
11-15 11:12:04.450  4975  4994 E TestRunner: 	at org.junit.runners.ParentRunner$3.run(ParentRunner.java:290)
11-15 11:12:04.450  4975  4994 E TestRunner: 	at org.junit.runners.ParentRunner$1.schedule(ParentRunner.java:71)
11-15 11:12:04.450  4975  4994 E TestRunner: 	at org.junit.runners.ParentRunner.runChildren(ParentRunner.java:288)
11-15 11:12:04.450  4975  4994 E TestRunner: 	at org.junit.runners.ParentRunner.access$000(ParentRunner.java:58)
11-15 11:12:04.450  4975  4994 E TestRunner: 	at org.junit.runners.ParentRunner$2.evaluate(ParentRunner.java:268)
11-15 11:12:04.450  4975  4994 E TestRunner: 	at org.junit.runners.ParentRunner.run(ParentRunner.java:363)
11-15 11:12:04.450  4975  4994 E TestRunner: 	at org.junit.runner.JUnitCore.run(JUnitCore.java:137)
11-15 11:12:04.450  4975  4994 E TestRunner: 	at org.junit.runner.JUnitCore.run(JUnitCore.java:115)
11-15 11:12:04.450  4975  4994 E TestRunner: 	at androidx.test.internal.runner.TestExecutor.execute(TestExecutor.java:56)
11-15 11:12:04.450  4975  4994 E TestRunner: 	at androidx.test.runner.AndroidJUnitRunner.onStart(AndroidJUnitRunner.java:444)
11-15 11:12:04.450  4975  4994 E TestRunner: 	at android.app.Instrumentation$InstrumentationThread.run(Instrumentation.java:2248)
11-15 11:12:04.450  4975  4994 E TestRunner: ----- end exception -----
11-15 11:12:04.461  4975  4994 I TestRunner: finished: navigate_to_start_order_from_checkout(com.example.lunchtray.NavigationTests)
