11-15 11:12:10.164  4975  4994 I TestRunner: started: navigate_to_entree_menu_from_start_order(com.example.lunchtray.NavigationTests)
11-15 11:12:10.174  4975  4994 W Settings: Setting always_finish_activities has moved from android.provider.Settings.System to android.provider.Settings.Global, returning read-only value.
11-15 11:12:10.188   735   835 D SplashScreenView: Build android.window.SplashScreenView{d62cf0f V.E...... ......ID 0,0-0,0}
11-15 11:12:10.188   735   835 D SplashScreenView: Icon: view: null drawable: null size: 0
11-15 11:12:10.188   735   835 D SplashScreenView: Branding: view: android.view.View{2c2eb9c G.ED..... ......I. 0,0-0,0 #10204a6 android:id/splashscreen_branding_view} drawable: null size w: 0 h: 0
11-15 11:12:10.212  4975  4975 D LifecycleMonitor: Lifecycle status change: androidx.test.core.app.InstrumentationActivityInvoker$BootstrapActivity@7868611 in: PRE_ON_CREATE
11-15 11:12:10.214  4975  4975 V ActivityScenario: Activity lifecycle changed event received but ignored because the intent does not match. startActivityIntent=Intent { act=android.intent.action.MAIN cat=[android.intent.category.LAUNCHER] cmp=com.example.lunchtray/androidx.fragment.app.testing.FragmentScenario$EmptyFragmentActivity (has extras) }, activity.getIntent()=Intent { act=android.intent.action.MAIN cat=[android.intent.category.LAUNCHER] flg=0x10008000 cmp=com.example.lunchtray/androidx.test.core.app.InstrumentationActivityInvoker$BootstrapActivity (has extras) }, activity=androidx.test.core.app.InstrumentationActivityInvoker$BootstrapActivity@7868611
11-15 11:12:10.215  4975  4975 V ActivityScenario: Activity lifecycle changed event received but ignored because the intent does not match. startActivityIntent=Intent { act=android.intent.action.MAIN cat=[android.intent.category.LAUNCHER] cmp=com.example.lunchtray/androidx.fragment.app.testing.FragmentScenario$EmptyFragmentActivity (has extras) }, activity.getIntent()=Intent { act=android.intent.action.MAIN cat=[android.intent.category.LAUNCHER] flg=0x10008000 cmp=com.example.lunchtray/androidx.test.core.app.InstrumentationActivityInvoker$BootstrapActivity (has extras) }, activity=androidx.test.core.app.InstrumentationActivityInvoker$BootstrapActivity@7868611
11-15 11:12:10.215  4975  4975 V ActivityScenario: Activity lifecycle changed event received but ignored because the intent does not match. startActivityIntent=Intent { act=android.intent.action.MAIN cat=[android.intent.category.LAUNCHER] cmp=com.example.lunchtray/androidx.fragment.app.testing.FragmentScenario$EmptyFragmentActivity (has extras) }, activity.getIntent()=Intent { act=android.intent.action.MAIN cat=[android.intent.category.LAUNCHER] flg=0x10008000 cmp=com.example.lunchtray/androidx.test.core.app.InstrumentationActivityInvoker$BootstrapActivity (has extras) }, activity=androidx.test.core.app.InstrumentationActivityInvoker$BootstrapActivity@7868611
11-15 11:12:10.218   335   335 D goldfish-address-space: claimShared: Ask to claim region [0x3f0000000 0x3f09e4000]
11-15 11:12:10.227  4975  4975 V ActivityScenario: Activity lifecycle changed event received but ignored because the intent does not match. startActivityIntent=Intent { act=android.intent.action.MAIN cat=[android.intent.category.LAUNCHER] cmp=com.example.lunchtray/androidx.fragment.app.testing.FragmentScenario$EmptyFragmentActivity (has extras) }, activity.getIntent()=Intent { act=android.intent.action.MAIN cat=[android.intent.category.LAUNCHER] flg=0x10008000 cmp=com.example.lunchtray/androidx.test.core.app.InstrumentationActivityInvoker$BootstrapActivity (has extras) }, activity=androidx.test.core.app.InstrumentationActivityInvoker$BootstrapActivity@7868611
11-15 11:12:10.248  4975  4975 D LifecycleMonitor: Lifecycle status change: androidx.test.core.app.InstrumentationActivityInvoker$BootstrapActivity@7868611 in: CREATED
11-15 11:12:10.248  4975  4975 V ActivityScenario: Activity lifecycle changed event received but ignored because the intent does not match. startActivityIntent=Intent { act=android.intent.action.MAIN cat=[android.intent.category.LAUNCHER] cmp=com.example.lunchtray/androidx.fragment.app.testing.FragmentScenario$EmptyFragmentActivity (has extras) }, activity.getIntent()=Intent { act=android.intent.action.MAIN cat=[android.intent.category.LAUNCHER] flg=0x10008000 cmp=com.example.lunchtray/androidx.test.core.app.InstrumentationActivityInvoker$BootstrapActivity (has extras) }, activity=androidx.test.core.app.InstrumentationActivityInvoker$BootstrapActivity@7868611
11-15 11:12:10.250  4975  4975 V ActivityScenario: Activity lifecycle changed event received but ignored because the intent does not match. startActivityIntent=Intent { act=android.intent.action.MAIN cat=[android.intent.category.LAUNCHER] cmp=com.example.lunchtray/androidx.fragment.app.testing.FragmentScenario$EmptyFragmentActivity (has extras) }, activity.getIntent()=Intent { act=android.intent.action.MAIN cat=[android.intent.category.LAUNCHER] flg=0x10008000 cmp=com.example.lunchtray/androidx.test.core.app.InstrumentationActivityInvoker$BootstrapActivity (has extras) }, activity=androidx.test.core.app.InstrumentationActivityInvoker$BootstrapActivity@7868611
11-15 11:12:10.251  4975  4975 V ActivityScenario: Activity lifecycle changed event received but ignored because the intent does not match. startActivityIntent=Intent { act=android.intent.action.MAIN cat=[android.intent.category.LAUNCHER] cmp=com.example.lunchtray/androidx.fragment.app.testing.FragmentScenario$EmptyFragmentActivity (has extras) }, activity.getIntent()=Intent { act=android.intent.action.MAIN cat=[android.intent.category.LAUNCHER] flg=0x10008000 cmp=com.example.lunchtray/androidx.test.core.app.InstrumentationActivityInvoker$BootstrapActivity (has extras) }, activity=androidx.test.core.app.InstrumentationActivityInvoker$BootstrapActivity@7868611
11-15 11:12:10.251  4975  4975 V ActivityScenario: Activity lifecycle changed event received but ignored because the intent does not match. startActivityIntent=Intent { act=android.intent.action.MAIN cat=[android.intent.category.LAUNCHER] cmp=com.example.lunchtray/androidx.fragment.app.testing.FragmentScenario$EmptyFragmentActivity (has extras) }, activity.getIntent()=Intent { act=android.intent.action.MAIN cat=[android.intent.category.LAUNCHER] flg=0x10008000 cmp=com.example.lunchtray/androidx.test.core.app.InstrumentationActivityInvoker$BootstrapActivity (has extras) }, activity=androidx.test.core.app.InstrumentationActivityInvoker$BootstrapActivity@7868611
11-15 11:12:10.253  4975  4975 D LifecycleMonitor: Lifecycle status change: androidx.test.core.app.InstrumentationActivityInvoker$BootstrapActivity@7868611 in: STARTED
11-15 11:12:10.253  4975  4975 V ActivityScenario: Activity lifecycle changed event received but ignored because the intent does not match. startActivityIntent=Intent { act=android.intent.action.MAIN cat=[android.intent.category.LAUNCHER] cmp=com.example.lunchtray/androidx.fragment.app.testing.FragmentScenario$EmptyFragmentActivity (has extras) }, activity.getIntent()=Intent { act=android.intent.action.MAIN cat=[android.intent.category.LAUNCHER] flg=0x10008000 cmp=com.example.lunchtray/androidx.test.core.app.InstrumentationActivityInvoker$BootstrapActivity (has extras) }, activity=androidx.test.core.app.InstrumentationActivityInvoker$BootstrapActivity@7868611
11-15 11:12:10.253  4975  4975 V ActivityScenario: Activity lifecycle changed event received but ignored because the intent does not match. startActivityIntent=Intent { act=android.intent.action.MAIN cat=[android.intent.category.LAUNCHER] cmp=com.example.lunchtray/androidx.fragment.app.testing.FragmentScenario$EmptyFragmentActivity (has extras) }, activity.getIntent()=Intent { act=android.intent.action.MAIN cat=[android.intent.category.LAUNCHER] flg=0x10008000 cmp=com.example.lunchtray/androidx.test.core.app.InstrumentationActivityInvoker$BootstrapActivity (has extras) }, activity=androidx.test.core.app.InstrumentationActivityInvoker$BootstrapActivity@7868611
11-15 11:12:10.254  4975  4975 V ActivityScenario: Activity lifecycle changed event received but ignored because the intent does not match. startActivityIntent=Intent { act=android.intent.action.MAIN cat=[android.intent.category.LAUNCHER] cmp=com.example.lunchtray/androidx.fragment.app.testing.FragmentScenario$EmptyFragmentActivity (has extras) }, activity.getIntent()=Intent { act=android.intent.action.MAIN cat=[android.intent.category.LAUNCHER] flg=0x10008000 cmp=com.example.lunchtray/androidx.test.core.app.InstrumentationActivityInvoker$BootstrapActivity (has extras) }, activity=androidx.test.core.app.InstrumentationActivityInvoker$BootstrapActivity@7868611
11-15 11:12:10.255  4975  4975 V ActivityScenario: Activity lifecycle changed event received but ignored because the intent does not match. startActivityIntent=Intent { act=android.intent.action.MAIN cat=[android.intent.category.LAUNCHER] cmp=com.example.lunchtray/androidx.fragment.app.testing.FragmentScenario$EmptyFragmentActivity (has extras) }, activity.getIntent()=Intent { act=android.intent.action.MAIN cat=[android.intent.category.LAUNCHER] flg=0x10008000 cmp=com.example.lunchtray/androidx.test.core.app.InstrumentationActivityInvoker$BootstrapActivity (has extras) }, activity=androidx.test.core.app.InstrumentationActivityInvoker$BootstrapActivity@7868611
11-15 11:12:10.260   335   335 D goldfish-address-space: claimShared: Ask to claim region [0x3f2de4000 0x3f37c8000]
11-15 11:12:10.281  4975  4975 D LifecycleMonitor: Lifecycle status change: androidx.test.core.app.InstrumentationActivityInvoker$BootstrapActivity@7868611 in: RESUMED
11-15 11:12:10.282  4975  4975 V ActivityScenario: Activity lifecycle changed event received but ignored because the intent does not match. startActivityIntent=Intent { act=android.intent.action.MAIN cat=[android.intent.category.LAUNCHER] cmp=com.example.lunchtray/androidx.fragment.app.testing.FragmentScenario$EmptyFragmentActivity (has extras) }, activity.getIntent()=Intent { act=android.intent.action.MAIN cat=[android.intent.category.LAUNCHER] flg=0x10008000 cmp=com.example.lunchtray/androidx.test.core.app.InstrumentationActivityInvoker$BootstrapActivity (has extras) }, activity=androidx.test.core.app.InstrumentationActivityInvoker$BootstrapActivity@7868611
11-15 11:12:10.283  4975  4975 V ActivityScenario: Activity lifecycle changed event received but ignored because the intent does not match. startActivityIntent=Intent { act=android.intent.action.MAIN cat=[android.intent.category.LAUNCHER] cmp=com.example.lunchtray/androidx.fragment.app.testing.FragmentScenario$EmptyFragmentActivity (has extras) }, activity.getIntent()=Intent { act=android.intent.action.MAIN cat=[android.intent.category.LAUNCHER] flg=0x10008000 cmp=com.example.lunchtray/androidx.test.core.app.InstrumentationActivityInvoker$BootstrapActivity (has extras) }, activity=androidx.test.core.app.InstrumentationActivityInvoker$BootstrapActivity@7868611
11-15 11:12:10.285  4975  4975 V ActivityScenario: Activity lifecycle changed event received but ignored because the intent does not match. startActivityIntent=Intent { act=android.intent.action.MAIN cat=[android.intent.category.LAUNCHER] cmp=com.example.lunchtray/androidx.fragment.app.testing.FragmentScenario$EmptyFragmentActivity (has extras) }, activity.getIntent()=Intent { act=android.intent.action.MAIN cat=[android.intent.category.LAUNCHER] flg=0x10008000 cmp=com.example.lunchtray/androidx.test.core.app.InstrumentationActivityInvoker$BootstrapActivity (has extras) }, activity=androidx.test.core.app.InstrumentationActivityInvoker$BootstrapActivity@7868611
11-15 11:12:10.285  4975  4975 V ActivityScenario: Activity lifecycle changed event received but ignored because the intent does not match. startActivityIntent=Intent { act=android.intent.action.MAIN cat=[android.intent.category.LAUNCHER] cmp=com.example.lunchtray/androidx.fragment.app.testing.FragmentScenario$EmptyFragmentActivity (has extras) }, activity.getIntent()=Intent { act=android.intent.action.MAIN cat=[android.intent.category.LAUNCHER] flg=0x10008000 cmp=com.example.lunchtray/androidx.test.core.app.InstrumentationActivityInvoker$BootstrapActivity (has extras) }, activity=androidx.test.core.app.InstrumentationActivityInvoker$BootstrapActivity@7868611
11-15 11:12:10.303   335   335 D goldfish-address-space: claimShared: Ask to claim region [0x3f68db000 0x3f72bf000]
11-15 11:12:10.310  4975  4975 D LifecycleMonitor: Lifecycle status change: androidx.test.core.app.InstrumentationActivityInvoker$BootstrapActivity@7868611 in: PAUSED
11-15 11:12:10.310  4975  4975 V ActivityScenario: Activity lifecycle changed event received but ignored because the intent does not match. startActivityIntent=Intent { act=android.intent.action.MAIN cat=[android.intent.category.LAUNCHER] cmp=com.example.lunchtray/androidx.fragment.app.testing.FragmentScenario$EmptyFragmentActivity (has extras) }, activity.getIntent()=Intent { act=android.intent.action.MAIN cat=[android.intent.category.LAUNCHER] flg=0x10008000 cmp=com.example.lunchtray/androidx.test.core.app.InstrumentationActivityInvoker$BootstrapActivity (has extras) }, activity=androidx.test.core.app.InstrumentationActivityInvoker$BootstrapActivity@7868611
11-15 11:12:10.311  4975  4975 V ActivityScenario: Activity lifecycle changed event received but ignored because the intent does not match. startActivityIntent=Intent { act=android.intent.action.MAIN cat=[android.intent.category.LAUNCHER] cmp=com.example.lunchtray/androidx.fragment.app.testing.FragmentScenario$EmptyFragmentActivity (has extras) }, activity.getIntent()=Intent { act=android.intent.action.MAIN cat=[android.intent.category.LAUNCHER] flg=0x10008000 cmp=com.example.lunchtray/androidx.test.core.app.InstrumentationActivityInvoker$BootstrapActivity (has extras) }, activity=androidx.test.core.app.InstrumentationActivityInvoker$BootstrapActivity@7868611
11-15 11:12:10.311  4975  4975 V ActivityScenario: Activity lifecycle changed event received but ignored because the intent does not match. startActivityIntent=Intent { act=android.intent.action.MAIN cat=[android.intent.category.LAUNCHER] cmp=com.example.lunchtray/androidx.fragment.app.testing.FragmentScenario$EmptyFragmentActivity (has extras) }, activity.getIntent()=Intent { act=android.intent.action.MAIN cat=[android.intent.category.LAUNCHER] flg=0x10008000 cmp=com.example.lunchtray/androidx.test.core.app.InstrumentationActivityInvoker$BootstrapActivity (has extras) }, activity=androidx.test.core.app.InstrumentationActivityInvoker$BootstrapActivity@7868611
11-15 11:12:10.311  4975  4975 V ActivityScenario: Activity lifecycle changed event received but ignored because the intent does not match. startActivityIntent=Intent { act=android.intent.action.MAIN cat=[android.intent.category.LAUNCHER] cmp=com.example.lunchtray/androidx.fragment.app.testing.FragmentScenario$EmptyFragmentActivity (has extras) }, activity.getIntent()=Intent { act=android.intent.action.MAIN cat=[android.intent.category.LAUNCHER] flg=0x10008000 cmp=com.example.lunchtray/androidx.test.core.app.InstrumentationActivityInvoker$BootstrapActivity (has extras) }, activity=androidx.test.core.app.InstrumentationActivityInvoker$BootstrapActivity@7868611
11-15 11:12:10.346  4975  4975 D LifecycleMonitor: Lifecycle status change: androidx.fragment.app.testing.FragmentScenario$EmptyFragmentActivity@ea47b4e in: PRE_ON_CREATE
11-15 11:12:10.347  4975  4975 V ActivityScenario: Activity lifecycle changed event received but ignored because the reported transition was not ON_CREATE while the last known transition was DESTROYED
11-15 11:12:10.349  4975  4975 V ActivityScenario: Activity lifecycle changed event received but ignored because the reported transition was not ON_CREATE while the last known transition was DESTROYED
11-15 11:12:10.350  4975  4975 V ActivityScenario: Activity lifecycle changed event received but ignored because the reported transition was not ON_CREATE while the last known transition was DESTROYED
11-15 11:12:10.350  4975  4975 V ActivityScenario: Activity lifecycle changed event received but ignored because the reported transition was not ON_CREATE while the last known transition was PRE_ON_CREATE
11-15 11:12:10.357   335   335 D goldfish-address-space: claimShared: Ask to claim region [0x3f37c8000 0x3f3e1c000]
11-15 11:12:10.386  4975  4975 D LifecycleMonitor: Lifecycle status change: androidx.fragment.app.testing.FragmentScenario$EmptyFragmentActivity@ea47b4e in: CREATED
11-15 11:12:10.386  4975  4975 V ActivityScenario: Update currentActivityStage to CREATED, currentActivity=androidx.fragment.app.testing.FragmentScenario$EmptyFragmentActivity@ea47b4e
11-15 11:12:10.386  4975  4975 V ActivityScenario: Update currentActivityStage to CREATED, currentActivity=androidx.fragment.app.testing.FragmentScenario$EmptyFragmentActivity@ea47b4e
11-15 11:12:10.386  4975  4975 V ActivityScenario: Update currentActivityStage to CREATED, currentActivity=androidx.fragment.app.testing.FragmentScenario$EmptyFragmentActivity@ea47b4e
11-15 11:12:10.391  4975  4975 V ActivityScenario: Update currentActivityStage to CREATED, currentActivity=androidx.fragment.app.testing.FragmentScenario$EmptyFragmentActivity@ea47b4e
11-15 11:12:10.393  4975  4975 D LifecycleMonitor: Lifecycle status change: androidx.fragment.app.testing.FragmentScenario$EmptyFragmentActivity@ea47b4e in: STARTED
11-15 11:12:10.393  4975  4975 V ActivityScenario: Update currentActivityStage to STARTED, currentActivity=androidx.fragment.app.testing.FragmentScenario$EmptyFragmentActivity@ea47b4e
11-15 11:12:10.394  4975  4975 V ActivityScenario: Update currentActivityStage to STARTED, currentActivity=androidx.fragment.app.testing.FragmentScenario$EmptyFragmentActivity@ea47b4e
11-15 11:12:10.394  4975  4975 V ActivityScenario: Update currentActivityStage to STARTED, currentActivity=androidx.fragment.app.testing.FragmentScenario$EmptyFragmentActivity@ea47b4e
11-15 11:12:10.395  4975  4975 V ActivityScenario: Update currentActivityStage to STARTED, currentActivity=androidx.fragment.app.testing.FragmentScenario$EmptyFragmentActivity@ea47b4e
11-15 11:12:10.402  4975  4975 D LifecycleMonitor: Lifecycle status change: androidx.fragment.app.testing.FragmentScenario$EmptyFragmentActivity@ea47b4e in: RESUMED
11-15 11:12:10.402  4975  4975 V ActivityScenario: Update currentActivityStage to RESUMED, currentActivity=androidx.fragment.app.testing.FragmentScenario$EmptyFragmentActivity@ea47b4e
11-15 11:12:10.403  4975  4975 V ActivityScenario: Update currentActivityStage to RESUMED, currentActivity=androidx.fragment.app.testing.FragmentScenario$EmptyFragmentActivity@ea47b4e
11-15 11:12:10.403  4975  4975 V ActivityScenario: Update currentActivityStage to RESUMED, currentActivity=androidx.fragment.app.testing.FragmentScenario$EmptyFragmentActivity@ea47b4e
11-15 11:12:10.404  4975  4975 V ActivityScenario: Update currentActivityStage to RESUMED, currentActivity=androidx.fragment.app.testing.FragmentScenario$EmptyFragmentActivity@ea47b4e
11-15 11:12:10.419  4975  4975 D LifecycleMonitor: Lifecycle status change: androidx.test.core.app.InstrumentationActivityInvoker$BootstrapActivity@7868611 in: STOPPED
11-15 11:12:10.419  4975  4975 V ActivityScenario: Activity lifecycle changed event received but ignored because the intent does not match. startActivityIntent=Intent { act=android.intent.action.MAIN cat=[android.intent.category.LAUNCHER] cmp=com.example.lunchtray/androidx.fragment.app.testing.FragmentScenario$EmptyFragmentActivity (has extras) }, activity.getIntent()=Intent { act=android.intent.action.MAIN cat=[android.intent.category.LAUNCHER] flg=0x10008000 cmp=com.example.lunchtray/androidx.test.core.app.InstrumentationActivityInvoker$BootstrapActivity (has extras) }, activity=androidx.test.core.app.InstrumentationActivityInvoker$BootstrapActivity@7868611
11-15 11:12:10.420  4975  4975 V ActivityScenario: Activity lifecycle changed event received but ignored because the intent does not match. startActivityIntent=Intent { act=android.intent.action.MAIN cat=[android.intent.category.LAUNCHER] cmp=com.example.lunchtray/androidx.fragment.app.testing.FragmentScenario$EmptyFragmentActivity (has extras) }, activity.getIntent()=Intent { act=android.intent.action.MAIN cat=[android.intent.category.LAUNCHER] flg=0x10008000 cmp=com.example.lunchtray/androidx.test.core.app.InstrumentationActivityInvoker$BootstrapActivity (has extras) }, activity=androidx.test.core.app.InstrumentationActivityInvoker$BootstrapActivity@7868611
11-15 11:12:10.421  4975  4975 V ActivityScenario: Activity lifecycle changed event received but ignored because the intent does not match. startActivityIntent=Intent { act=android.intent.action.MAIN cat=[android.intent.category.LAUNCHER] cmp=com.example.lunchtray/androidx.fragment.app.testing.FragmentScenario$EmptyFragmentActivity (has extras) }, activity.getIntent()=Intent { act=android.intent.action.MAIN cat=[android.intent.category.LAUNCHER] flg=0x10008000 cmp=com.example.lunchtray/androidx.test.core.app.InstrumentationActivityInvoker$BootstrapActivity (has extras) }, activity=androidx.test.core.app.InstrumentationActivityInvoker$BootstrapActivity@7868611
11-15 11:12:10.421  4975  4975 V ActivityScenario: Activity lifecycle changed event received but ignored because the intent does not match. startActivityIntent=Intent { act=android.intent.action.MAIN cat=[android.intent.category.LAUNCHER] cmp=com.example.lunchtray/androidx.fragment.app.testing.FragmentScenario$EmptyFragmentActivity (has extras) }, activity.getIntent()=Intent { act=android.intent.action.MAIN cat=[android.intent.category.LAUNCHER] flg=0x10008000 cmp=com.example.lunchtray/androidx.test.core.app.InstrumentationActivityInvoker$BootstrapActivity (has extras) }, activity=androidx.test.core.app.InstrumentationActivityInvoker$BootstrapActivity@7868611
11-15 11:12:10.430   335   335 D goldfish-address-space: claimShared: Ask to claim region [0x3f4000000 0x3f49e4000]
11-15 11:12:10.458   335   335 D goldfish-address-space: claimShared: Ask to claim region [0x3f49e4000 0x3f53c8000]
11-15 11:12:10.473   335   335 D goldfish-address-space: claimShared: Ask to claim region [0x3f53c8000 0x3f5dac000]
11-15 11:12:10.630   735   743 I ndroid.systemu: NativeAlloc concurrent copying GC freed 12306(686KB) AllocSpace objects, 0(0B) LOS objects, 49% free, 9060KB/17MB, paused 615us,100us total 241.032ms
11-15 11:12:10.670   561   584 I ActivityTaskManager: Displayed com.example.lunchtray/androidx.fragment.app.testing.FragmentScenario$EmptyFragmentActivity: +483ms
11-15 11:12:10.693  1143  1143 I GoogleInputMethodService: GoogleInputMethodService.onFinishInput():3420
11-15 11:12:10.694  1143  1143 I GoogleInputMethodService: GoogleInputMethodService.onStartInput():2002
11-15 11:12:10.696  1143  1143 I DeviceUnlockedTag: DeviceUnlockedTag.notifyDeviceLockStatusChanged():31 Notify device unlocked.
11-15 11:12:10.729  4975  4975 I ViewInteraction: Performing 'single click' action on view view.getId() is <2131231208/com.example.lunchtray:id/start_order_btn>
11-15 11:12:11.095   561  3238 W InputManager-JNI: Input channel object '1b40877 Splash Screen com.example.lunchtray (client)' was disposed without first being removed with the input manager!
11-15 11:12:11.230   357   706 W AudioFlinger: createTrack_l(): mismatch between requested flags (00000004) and output flags (00000002)
11-15 11:12:11.247   357   706 D AF::TrackHandle: OpPlayAudio: track:55 usage:13 not muted
11-15 11:12:11.259   561   688 D AudioTrack: createTrack_l(8): AUDIO_OUTPUT_FLAG_FAST denied by server; frameCount 0 -> 4512
11-15 11:12:11.428  4975  4994 E TestRunner: failed: navigate_to_entree_menu_from_start_order(com.example.lunchtray.NavigationTests)
11-15 11:12:11.429  4975  4994 E TestRunner: ----- begin exception -----
11-15 11:12:11.430  4975  4994 E TestRunner: java.lang.AssertionError: expected:<2131231205> but was:<2131230935>
11-15 11:12:11.430  4975  4994 E TestRunner: 	at org.junit.Assert.fail(Assert.java:88)
11-15 11:12:11.430  4975  4994 E TestRunner: 	at org.junit.Assert.failNotEquals(Assert.java:834)
11-15 11:12:11.430  4975  4994 E TestRunner: 	at org.junit.Assert.assertEquals(Assert.java:118)
11-15 11:12:11.430  4975  4994 E TestRunner: 	at org.junit.Assert.assertEquals(Assert.java:144)
11-15 11:12:11.430  4975  4994 E TestRunner: 	at com.example.lunchtray.NavigationTests.navigate_to_entree_menu_from_start_order(NavigationTests.kt:58)
11-15 11:12:11.430  4975  4994 E TestRunner: 	at java.lang.reflect.Method.invoke(Native Method)
11-15 11:12:11.430  4975  4994 E TestRunner: 	at org.junit.runners.model.FrameworkMethod$1.runReflectiveCall(FrameworkMethod.java:50)
11-15 11:12:11.430  4975  4994 E TestRunner: 	at org.junit.internal.runners.model.ReflectiveCallable.run(ReflectiveCallable.java:12)
11-15 11:12:11.430  4975  4994 E TestRunner: 	at org.junit.runners.model.FrameworkMethod.invokeExplosively(FrameworkMethod.java:47)
11-15 11:12:11.430  4975  4994 E TestRunner: 	at org.junit.internal.runners.statements.InvokeMethod.evaluate(InvokeMethod.java:17)
11-15 11:12:11.430  4975  4994 E TestRunner: 	at org.junit.runners.ParentRunner.runLeaf(ParentRunner.java:325)
11-15 11:12:11.430  4975  4994 E TestRunner: 	at org.junit.runners.BlockJUnit4ClassRunner.runChild(BlockJUnit4ClassRunner.java:78)
11-15 11:12:11.430  4975  4994 E TestRunner: 	at org.junit.runners.BlockJUnit4ClassRunner.runChild(BlockJUnit4ClassRunner.java:57)
11-15 11:12:11.430  4975  4994 E TestRunner: 	at org.junit.runners.ParentRunner$3.run(ParentRunner.java:290)
11-15 11:12:11.430  4975  4994 E TestRunner: 	at org.junit.runners.ParentRunner$1.schedule(ParentRunner.java:71)
11-15 11:12:11.430  4975  4994 E TestRunner: 	at org.junit.runners.ParentRunner.runChildren(ParentRunner.java:288)
11-15 11:12:11.430  4975  4994 E TestRunner: 	at org.junit.runners.ParentRunner.access$000(ParentRunner.java:58)
11-15 11:12:11.430  4975  4994 E TestRunner: 	at org.junit.runners.ParentRunner$2.evaluate(ParentRunner.java:268)
11-15 11:12:11.430  4975  4994 E TestRunner: 	at org.junit.runners.ParentRunner.run(ParentRunner.java:363)
11-15 11:12:11.430  4975  4994 E TestRunner: 	at androidx.test.ext.junit.runners.AndroidJUnit4.run(AndroidJUnit4.java:162)
11-15 11:12:11.430  4975  4994 E TestRunner: 	at org.junit.runners.Suite.runChild(Suite.java:128)
11-15 11:12:11.430  4975  4994 E TestRunner: 	at org.junit.runners.Suite.runChild(Suite.java:27)
11-15 11:12:11.430  4975  4994 E TestRunner: 	at org.junit.runners.ParentRunner$3.run(ParentRunner.java:290)
11-15 11:12:11.430  4975  4994 E TestRunner: 	at org.junit.runners.ParentRunner$1.schedule(ParentRunner.java:71)
11-15 11:12:11.430  4975  4994 E TestRunner: 	at org.junit.runners.ParentRunner.runChildren(ParentRunner.java:288)
11-15 11:12:11.430  4975  4994 E TestRunner: 	at org.junit.runners.ParentRunner.access$000(ParentRunner.java:58)
11-15 11:12:11.430  4975  4994 E TestRunner: 	at org.junit.runners.ParentRunner$2.evaluate(ParentRunner.java:268)
11-15 11:12:11.430  4975  4994 E TestRunner: 	at org.junit.runners.ParentRunner.run(ParentRunner.java:363)
11-15 11:12:11.430  4975  4994 E TestRunner: 	at org.junit.runner.JUnitCore.run(JUnitCore.java:137)
11-15 11:12:11.430  4975  4994 E TestRunner: 	at org.junit.runner.JUnitCore.run(JUnitCore.java:115)
11-15 11:12:11.430  4975  4994 E TestRunner: 	at androidx.test.internal.runner.TestExecutor.execute(TestExecutor.java:56)
11-15 11:12:11.430  4975  4994 E TestRunner: 	at androidx.test.runner.AndroidJUnitRunner.onStart(AndroidJUnitRunner.java:444)
11-15 11:12:11.430  4975  4994 E TestRunner: 	at android.app.Instrumentation$InstrumentationThread.run(Instrumentation.java:2248)
11-15 11:12:11.468  4975  4994 E TestRunner: ----- end exception -----
11-15 11:12:11.471  4975  4994 I TestRunner: finished: navigate_to_entree_menu_from_start_order(com.example.lunchtray.NavigationTests)
